// Jest Snapshot v1, https://goo.gl/fbAQLP

exports[`<CardFilm/> should equals to snapshot of CardFilm 1`] = `
<div
  className="sc-htpNat eiymxp card"
>
  <svg
    aria-hidden="true"
    className="MuiSvgIcon-root-1 no-show"
    focusable="false"
    onClick={[Function]}
    onMouseEnter={[Function]}
    role="presentation"
    viewBox="0 0 24 24"
  >
    <path
      d="M12 8c1.1 0 2-.9 2-2s-.9-2-2-2-2 .9-2 2 .9 2 2 2zm0 2c-1.1 0-2 .9-2 2s.9 2 2 2 2-.9 2-2-.9-2-2-2zm0 6c-1.1 0-2 .9-2 2s.9 2 2 2 2-.9 2-2-.9-2-2-2z"
    />
  </svg>
  <div
    className="sc-bdVaJa hZeCMe"
  >
    <div
      className="modal display-none"
    >
      <section
        className="modal-main"
      >
        <button
          aria-label="Close"
          className="close"
          onClick={[Function]}
          type="button"
        >
          <span
            aria-hidden="true"
          >
            ×
          </span>
        </button>
        <p
          onClick={[Function]}
        >
          Edit
        </p>
        <p
          onClick={[Function]}
        >
          Delete
        </p>
      </section>
    </div>
  </div>
  <img
    className="card-img-top"
    onMouseEnter={[Function]}
    onMouseLeave={[Function]}
    src="test"
  />
  <div
    className="card-body"
  >
    <div
      className="sc-bwzfXH bYqITe card-title h5"
    >
      <a
        href="/movies/1"
        onClick={[Function]}
      >
        test
      </a>
      <span
        className="badge badge-secondary"
      >
        test
      </span>
    </div>
    <p
      className="card-text"
    />
  </div>
</div>
`;
