// Jest Snapshot v1, https://goo.gl/fbAQLP

exports[`<StartPage/> should equals to snapshot of CriteriaSearch 1`] = `
Array [
  <section
    className="sc-bZQynM icRRLG"
  >
    <div
      className="modal display-none"
    >
      <section
        className="modal-main"
      >
        <div
          className="sc-EHOje KynSq"
        >
          <form
            className=""
          >
            <div
              className="sc-ifAKCX cRcysQ"
            >
              <button
                className="close"
                onClick={[Function]}
                type="button"
              >
                <span>
                  ×
                </span>
              </button>
              <h2>
                Edit movie
              </h2>
            </div>
            <div
              className="Edit movie form-group"
            >
              <label
                className="form-label"
              >
                Movie id
              </label>
              <input
                className="form-control"
                defaultValue={1}
                placeholder="Id"
                type="title"
              />
              <label
                className="form-label"
              >
                Title
              </label>
              <input
                className="form-control"
                defaultValue="Moana"
                placeholder="Title"
                type="title"
              />
              <label
                className="form-label"
              >
                Release date
              </label>
              <input
                className="form-control"
                defaultValue="2018-07-22"
                placeholder="Select Date"
                type="date"
              />
              <label
                className="form-label"
              >
                Movie URL
              </label>
              <input
                className="form-control"
                defaultValue="www.moana.com"
                placeholder="Movie URL here"
                type="url"
              />
              <label
                className="form-label"
              >
                Example select
              </label>
              <select
                className="form-control"
                onChange={[Function]}
                placeholder="Select Genre"
                value="Comedy"
              >
                <option
                  value="Select Genre"
                >
                  Select Genre
                </option>
                <option
                  value="Horror"
                >
                  Horror
                </option>
                <option
                  value="Action"
                >
                  Action
                </option>
                <option
                  value="Comedy"
                >
                  Comedy
                </option>
              </select>
              <label
                className="form-label"
              >
                Overview
              </label>
              <input
                className="form-control"
                defaultValue="overview fake"
                placeholder="Overview here"
                type="text"
              />
              <label
                className="form-label"
              >
                Runtime
              </label>
              <input
                className="form-control"
                defaultValue={180}
                placeholder="Runtime here"
                type="number"
              />
            </div>
            <div
              className="sc-bxivhb ghcqzK"
            >
              <button
                className="btn btn-primary"
                disabled={false}
                onClick={[Function]}
                type="button"
              >
                Reset
              </button>
              <button
                className="btn btn-primary"
                disabled={false}
                onClick={[Function]}
                type="button"
              >
                Save
              </button>
            </div>
          </form>
        </div>
      </section>
    </div>
  </section>,
  <section
    className="sc-gzVnrw gtLTOr"
  >
    <div
      className="modal display-none"
    >
      <section
        className="modal-main"
      >
        <div
          className="sc-ifAKCX cRcysQ"
        >
          <button
            className="close"
            onClick={[Function]}
            type="button"
          >
            <span>
              ×
            </span>
          </button>
          <h2>
            Delete Movie
          </h2>
        </div>
        <p>
          Are you sure you want to delete this movie?
        </p>
        <button
          className="btn btn-primary"
          disabled={false}
          onClick={[Function]}
          type="button"
        >
          Confirm
        </button>
      </section>
    </div>
  </section>,
  <header
    className="sc-gqjmRU kNvDes"
  >
    <div
      className="sc-iwsKbI ILVHg"
    >
      <section
        className="sc-htoDjs hkUjat"
      >
        <div
          className="modal display-none"
        >
          <section
            className="modal-main"
          >
            <div
              className="sc-EHOje KynSq"
            >
              <form
                className=""
              >
                <div
                  className="sc-ifAKCX cRcysQ"
                >
                  <button
                    className="close"
                    onClick={[Function]}
                    type="button"
                  >
                    <span>
                      ×
                    </span>
                  </button>
                  <h2>
                    Add movie
                  </h2>
                </div>
                <div
                  className="Add movie form-group"
                >
                  <label
                    className="form-label"
                  >
                    Title
                  </label>
                  <input
                    className="form-control"
                    defaultValue={null}
                    placeholder="Title"
                    type="title"
                  />
                  <label
                    className="form-label"
                  >
                    Release date
                  </label>
                  <input
                    className="form-control"
                    defaultValue={null}
                    placeholder="Select Date"
                    type="date"
                  />
                  <label
                    className="form-label"
                  >
                    Movie URL
                  </label>
                  <input
                    className="form-control"
                    defaultValue={null}
                    placeholder="Movie URL here"
                    type="url"
                  />
                  <label
                    className="form-label"
                  >
                    Example select
                  </label>
                  <select
                    className="form-control"
                    onChange={[Function]}
                    placeholder="Select Genre"
                    value="Select Genre"
                  >
                    <option
                      value="Select Genre"
                    >
                      Select Genre
                    </option>
                    <option
                      value="Horror"
                    >
                      Horror
                    </option>
                    <option
                      value="Action"
                    >
                      Action
                    </option>
                    <option
                      value="Comedy"
                    >
                      Comedy
                    </option>
                  </select>
                  <label
                    className="form-label"
                  >
                    Overview
                  </label>
                  <input
                    className="form-control"
                    defaultValue={null}
                    placeholder="Overview here"
                    type="text"
                  />
                  <label
                    className="form-label"
                  >
                    Runtime
                  </label>
                  <input
                    className="form-control"
                    defaultValue={null}
                    placeholder="Runtime here"
                    type="number"
                  />
                </div>
                <div
                  className="sc-bxivhb ghcqzK"
                >
                  <button
                    className="btn btn-primary"
                    disabled={false}
                    onClick={[Function]}
                    type="button"
                  >
                    Reset
                  </button>
                  <button
                    className="btn btn-primary"
                    disabled={false}
                    onClick={[Function]}
                    type="button"
                  >
                    Submit
                  </button>
                </div>
              </form>
            </div>
          </section>
        </div>
      </section>
      <button
        className="add-movie btn btn-outline-danger"
        disabled={false}
        onClick={[Function]}
        type="button"
      >
        + Add movie
      </button>
      <h1>
        Find your movie
      </h1>
    </div>
    <div
      className="sc-dnqmqq hIUbHj mb-3 input-group"
    >
      <input
        className="form-control"
        onChange={[Function]}
        placeholder="Please write the film name"
      />
      <div
        className="input-group-append"
      >
        <button
          className="btn btn-outline-danger"
          disabled={true}
          onClick={[Function]}
          type="button"
        >
          Search
        </button>
      </div>
    </div>
    <div
      className="types"
    >
      <div
        className="nav"
        onClick={[Function]}
        onKeyDown={[Function]}
      >
        <div
          className="nav-item"
        >
          <a
            className="nav-link"
            data-rb-event-key="All"
            href="#"
            onClick={[Function]}
            onKeyDown={[Function]}
            role="button"
            style={
              Object {
                "borderBottom": "2px solid red",
              }
            }
          >
            All
          </a>
        </div>
        <div
          className="nav-item"
        >
          <a
            className="nav-link"
            data-rb-event-key="Documentary"
            href="#"
            onClick={[Function]}
            onKeyDown={[Function]}
            role="button"
          >
            Documentary
          </a>
        </div>
        <div
          className="nav-item"
        >
          <a
            className="nav-link"
            data-rb-event-key="Comedy"
            href="#"
            onClick={[Function]}
            onKeyDown={[Function]}
            role="button"
          >
            Comedy
          </a>
        </div>
        <div
          className="nav-item"
        >
          <a
            className="nav-link"
            data-rb-event-key="Horror"
            href="#"
            onClick={[Function]}
            onKeyDown={[Function]}
            role="button"
          >
            Horror
          </a>
        </div>
        <div
          className="nav-item"
        >
          <a
            className="nav-link"
            data-rb-event-key="Crime"
            href="#"
            onClick={[Function]}
            onKeyDown={[Function]}
            role="button"
          >
            Crime
          </a>
        </div>
      </div>
      <div>
        <p>
          Sort by
        </p>
        <div
          className="sc-gZMcBi foEyzH dropdown"
          onKeyDown={[Function]}
        >
          <div
            className="drop dropdown"
            onKeyDown={[Function]}
          >
            <button
              aria-expanded={false}
              aria-haspopup={true}
              aria-label={null}
              className="dropdown-toggle btn btn-secondary"
              onClick={[Function]}
              type="button"
            >
              Release date
            </button>
            <div
              aria-hidden={true}
              className="dropdown-menu"
              role="menu"
              tabIndex="-1"
            >
              <button
                className="dropdown-item"
                onClick={[Function]}
                role="menuitem"
                tabIndex="0"
                type="button"
              >
                Earlier than 2020
              </button>
              <button
                className="dropdown-item"
                onClick={[Function]}
                role="menuitem"
                tabIndex="0"
                type="button"
              >
                Earlier than 2019
              </button>
            </div>
          </div>
        </div>
      </div>
    </div>
    <div
      className="count-movie"
    />
  </header>,
  <h3
    className="sc-VigVT iTjKJW"
  >
    No films found
  </h3>,
]
`;
