// Jest Snapshot v1, https://goo.gl/fbAQLP

exports[`<CriteriaSearch/> should equals to snapshot of CriteriaSearch 1`] = `
<div>
  <p>
    Sort by
  </p>
  <div
    className="sc-bdVaJa fAiLlc dropdown"
    onKeyDown={[Function]}
  >
    <div
      className="drop dropdown"
      onKeyDown={[Function]}
    >
      <button
        aria-expanded={false}
        aria-haspopup={true}
        aria-label={null}
        className="dropdown-toggle btn btn-secondary"
        onClick={[Function]}
        type="button"
      >
        Release date
      </button>
      <div
        aria-hidden={true}
        className="dropdown-menu"
        role="menu"
        tabIndex="-1"
      >
        <button
          className="dropdown-item"
          onClick={[Function]}
          role="menuitem"
          tabIndex="0"
          type="button"
        >
          Release date
        </button>
        <button
          className="dropdown-item"
          onClick={[Function]}
          role="menuitem"
          tabIndex="0"
          type="button"
        >
          Earlier than 2020
        </button>
        <button
          className="dropdown-item"
          onClick={[Function]}
          role="menuitem"
          tabIndex="0"
          type="button"
        >
          Earlier than 2019
        </button>
      </div>
    </div>
  </div>
</div>
`;
