// Jest Snapshot v1, https://goo.gl/fbAQLP

exports[`<SearchFilm/> should equals to snapshot of CriteriaSearch 1`] = `
Array [
  <div
    className="sc-bwzfXH fedcza"
  >
    <button
      className="add-movie btn btn-outline-danger"
      disabled={false}
      type="button"
    >
      <a
        href="/add"
        onClick={[Function]}
      >
        + Add movie
      </a>
    </button>
    <h1>
      Find your movie
    </h1>
  </div>,
  <div
    className="sc-bdVaJa lmvhs mb-3 input-group"
  >
    <input
      className="form-control"
      onChange={[Function]}
      placeholder="Please write the film name"
    />
    <div
      className="input-group-append"
    >
      <button
        className="btn btn-outline-danger"
        disabled={true}
        onClick={[Function]}
        type="button"
      >
        Search
      </button>
    </div>
  </div>,
]
`;
